Copyright 1986-2022 Xilinx, Inc. All Rights Reserved. Copyright 2022-2024 Advanced Micro Devices, Inc. All Rights Reserved.
---------------------------------------------------------------------------------------------------------------------------------------------
| Tool Version : Vivado v.2024.1 (lin64) Build 5076996 Wed May 22 18:36:09 MDT 2024
| Date         : Wed Jun 17 18:12:34 2026
| Host         : coe-ece-capitolpeak running 64-bit Ubuntu 20.04.6 LTS
| Command      : report_ip_status
---------------------------------------------------------------------------------------------------------------------------------------------

IP Status Summary

1. Project IP Status
--------------------
Your project uses 97 IP. Some of these IP may have undergone changes in this release of the software. Please review the recommended actions.

More information on the Xilinx versioning policy is available at www.xilinx.com.

Project IP Instances
+-----------------------------------------+------------+---------------------+-----------+--------------------+---------+----------------+------------+----------------------+
| Instance Name                           | Status     | Recommendation      | Change    | IP Name            | IP      | New Version    | New        | Original Part        |
|                                         |            |                     | Log       |                    | Version |                | License    |                      |
+-----------------------------------------+------------+---------------------+-----------+--------------------+---------+----------------+------------+----------------------+
| adc0_capture_bram                       | Up-to-date | No changes required |  *(1)     | Block Memory       | 8.4     | 8.4 (Rev. 8)   | Included   | xczu9eg-ffvb1156-2-e |
|                                         |            |                     |           | Generator          | (Rev.   |                |            |                      |
|                                         |            |                     |           |                    | 8)      |                |            |                      |
+-----------------------------------------+------------+---------------------+-----------+--------------------+---------+----------------+------------+----------------------+
| adc1_capture_bram                       | Up-to-date | No changes required |  *(2)     | Block Memory       | 8.4     | 8.4 (Rev. 8)   | Included   | xczu9eg-ffvb1156-2-e |
|                                         |            |                     |           | Generator          | (Rev.   |                |            |                      |
|                                         |            |                     |           |                    | 8)      |                |            |                      |
+-----------------------------------------+------------+---------------------+-----------+--------------------+---------+----------------+------------+----------------------+
| clk_wiz_0                               | Up-to-date | No changes required |  *(3)     | Clocking Wizard    | 6.0     | 6.0 (Rev. 14)  | Included   | xczu9eg-ffvb1156-2-e |
|                                         |            |                     |           |                    | (Rev.   |                |            |                      |
|                                         |            |                     |           |                    | 14)     |                |            |                      |
+-----------------------------------------+------------+---------------------+-----------+--------------------+---------+----------------+------------+----------------------+
| dac0_program_bram                       | Up-to-date | No changes required |  *(4)     | Block Memory       | 8.4     | 8.4 (Rev. 8)   | Included   | xczu9eg-ffvb1156-2-e |
|                                         |            |                     |           | Generator          | (Rev.   |                |            |                      |
|                                         |            |                     |           |                    | 8)      |                |            |                      |
+-----------------------------------------+------------+---------------------+-----------+--------------------+---------+----------------+------------+----------------------+
| dac1_program_bram                       | Up-to-date | No changes required |  *(5)     | Block Memory       | 8.4     | 8.4 (Rev. 8)   | Included   | xczu9eg-ffvb1156-2-e |
|                                         |            |                     |           | Generator          | (Rev.   |                |            |                      |
|                                         |            |                     |           |                    | 8)      |                |            |                      |
+-----------------------------------------+------------+---------------------+-----------+--------------------+---------+----------------+------------+----------------------+
| dac2_program_bram                       | Up-to-date | No changes required |  *(6)     | Block Memory       | 8.4     | 8.4 (Rev. 8)   | Included   | xczu9eg-ffvb1156-2-e |
|                                         |            |                     |           | Generator          | (Rev.   |                |            |                      |
|                                         |            |                     |           |                    | 8)      |                |            |                      |
+-----------------------------------------+------------+---------------------+-----------+--------------------+---------+----------------+------------+----------------------+
| dac3_program_bram                       | Up-to-date | No changes required |  *(7)     | Block Memory       | 8.4     | 8.4 (Rev. 8)   | Included   | xczu9eg-ffvb1156-2-e |
|                                         |            |                     |           | Generator          | (Rev.   |                |            |                      |
|                                         |            |                     |           |                    | 8)      |                |            |                      |
+-----------------------------------------+------------+---------------------+-----------+--------------------+---------+----------------+------------+----------------------+
| gtwizard_ultrascale_0                   | Up-to-date | No changes required |  *(8)     | UltraScale FPGAs   | 1.7     | 1.7 (Rev. 18)  | Included   | xczu9eg-ffvb1156-2-e |
|                                         |            |                     |           | Transceivers       | (Rev.   |                |            |                      |
|                                         |            |                     |           | Wizard             | 18)     |                |            |                      |
+-----------------------------------------+------------+---------------------+-----------+--------------------+---------+----------------+------------+----------------------+
| ila_fabric_debug                        | Up-to-date | No changes required |  *(9)     | ILA (Integrated    | 6.2     | 6.2 (Rev. 15)  | Included   | xczu9eg-ffvb1156-2-e |
|                                         |            |                     |           | Logic Analyzer)    | (Rev.   |                |            |                      |
|                                         |            |                     |           |                    | 15)     |                |            |                      |
+-----------------------------------------+------------+---------------------+-----------+--------------------+---------+----------------+------------+----------------------+
| microblaze_bd_AXI4_register_file_0_0    | Up-to-date | No changes required | Change    | AXI4_register_file | 1.0     | 1.0 (Rev. 6)   | Included   | xczu9eg-ffvb1156-2-e |
|                                         |            |                     | Log not   |                    | (Rev.   |                |            |                      |
|                                         |            |                     | available |                    | 6)      |                |            |                      |
+-----------------------------------------+------------+---------------------+-----------+--------------------+---------+----------------+------------+----------------------+
| microblaze_bd_adc0_capture_bram_ctrl_0  | Up-to-date | No changes required |  *(10)    | AXI BRAM           | 4.1     | 4.1 (Rev. 10)  | Included   | xczu9eg-ffvb1156-2-e |
|                                         |            |                     |           | Controller         | (Rev.   |                |            |                      |
|                                         |            |                     |           |                    | 10)     |                |            |                      |
+-----------------------------------------+------------+---------------------+-----------+--------------------+---------+----------------+------------+----------------------+
| microblaze_bd_adc1_capture_bram_ctrl_0  | Up-to-date | No changes required |  *(11)    | AXI BRAM           | 4.1     | 4.1 (Rev. 10)  | Included   | xczu9eg-ffvb1156-2-e |
|                                         |            |                     |           | Controller         | (Rev.   |                |            |                      |
|                                         |            |                     |           |                    | 10)     |                |            |                      |
+-----------------------------------------+------------+---------------------+-----------+--------------------+---------+----------------+------------+----------------------+
| microblaze_bd_axi_clock_converter_0_0   | Up-to-date | No changes required |  *(12)    | AXI Clock          | 2.1     | 2.1 (Rev. 30)  | Included   | xczu9eg-ffvb1156-2-e |
|                                         |            |                     |           | Converter          | (Rev.   |                |            |                      |
|                                         |            |                     |           |                    | 30)     |                |            |                      |
+-----------------------------------------+------------+---------------------+-----------+--------------------+---------+----------------+------------+----------------------+
| microblaze_bd_axi_clock_converter_1_0   | Up-to-date | No changes required |  *(13)    | AXI Clock          | 2.1     | 2.1 (Rev. 30)  | Included   | xczu9eg-ffvb1156-2-e |
|                                         |            |                     |           | Converter          | (Rev.   |                |            |                      |
|                                         |            |                     |           |                    | 30)     |                |            |                      |
+-----------------------------------------+------------+---------------------+-----------+--------------------+---------+----------------+------------+----------------------+
| microblaze_bd_axi_dma_0_0               | Up-to-date | No changes required |  *(14)    | AXI Direct Memory  | 7.1     | 7.1 (Rev. 32)  | Included   | xczu9eg-ffvb1156-2-e |
|                                         |            |                     |           | Access             | (Rev.   |                |            |                      |
|                                         |            |                     |           |                    | 32)     |                |            |                      |
+-----------------------------------------+------------+---------------------+-----------+--------------------+---------+----------------+------------+----------------------+
| microblaze_bd_axi_dma_1_0               | Up-to-date | No changes required |  *(15)    | AXI Direct Memory  | 7.1     | 7.1 (Rev. 32)  | Included   | xczu9eg-ffvb1156-2-e |
|                                         |            |                     |           | Access             | (Rev.   |                |            |                      |
|                                         |            |                     |           |                    | 32)     |                |            |                      |
+-----------------------------------------+------------+---------------------+-----------+--------------------+---------+----------------+------------+----------------------+
| microblaze_bd_axi_smc_dma0_0            | Up-to-date | No changes required |  *(16)    | AXI SmartConnect   | 1.0     | 1.0 (Rev. 23)  | Included   | xczu9eg-ffvb1156-2-e |
|                                         |            |                     |           |                    | (Rev.   |                |            |                      |
|                                         |            |                     |           |                    | 23)     |                |            |                      |
+-----------------------------------------+------------+---------------------+-----------+--------------------+---------+----------------+------------+----------------------+
| microblaze_bd_axi_smc_dma1_0            | Up-to-date | No changes required |  *(17)    | AXI SmartConnect   | 1.0     | 1.0 (Rev. 23)  | Included   | xczu9eg-ffvb1156-2-e |
|                                         |            |                     |           |                    | (Rev.   |                |            |                      |
|                                         |            |                     |           |                    | 23)     |                |            |                      |
+-----------------------------------------+------------+---------------------+-----------+--------------------+---------+----------------+------------+----------------------+
| microblaze_bd_axi_uart16550_0_0         | Up-to-date | No changes required |  *(18)    | AXI UART16550      | 2.0     | 2.0 (Rev. 33)  | Included   | xczu9eg-ffvb1156-2-e |
|                                         |            |                     |           |                    | (Rev.   |                |            |                      |
|                                         |            |                     |           |                    | 33)     |                |            |                      |
+-----------------------------------------+------------+---------------------+-----------+--------------------+---------+----------------+------------+----------------------+
| microblaze_bd_cur_wave_bram_ctrl_0      | Up-to-date | No changes required |  *(19)    | AXI BRAM           | 4.1     | 4.1 (Rev. 10)  | Included   | xczu9eg-ffvb1156-2-e |
|                                         |            |                     |           | Controller         | (Rev.   |                |            |                      |
|                                         |            |                     |           |                    | 10)     |                |            |                      |
+-----------------------------------------+------------+---------------------+-----------+--------------------+---------+----------------+------------+----------------------+
| microblaze_bd_dac0_program_bram_ctrl_0  | Up-to-date | No changes required |  *(20)    | AXI BRAM           | 4.1     | 4.1 (Rev. 10)  | Included   | xczu9eg-ffvb1156-2-e |
|                                         |            |                     |           | Controller         | (Rev.   |                |            |                      |
|                                         |            |                     |           |                    | 10)     |                |            |                      |
+-----------------------------------------+------------+---------------------+-----------+--------------------+---------+----------------+------------+----------------------+
| microblaze_bd_dac1_program_bram_ctrl_0  | Up-to-date | No changes required |  *(21)    | AXI BRAM           | 4.1     | 4.1 (Rev. 10)  | Included   | xczu9eg-ffvb1156-2-e |
|                                         |            |                     |           | Controller         | (Rev.   |                |            |                      |
|                                         |            |                     |           |                    | 10)     |                |            |                      |
+-----------------------------------------+------------+---------------------+-----------+--------------------+---------+----------------+------------+----------------------+
| microblaze_bd_dac2_program_bram_ctrl_0  | Up-to-date | No changes required |  *(22)    | AXI BRAM           | 4.1     | 4.1 (Rev. 10)  | Included   | xczu9eg-ffvb1156-2-e |
|                                         |            |                     |           | Controller         | (Rev.   |                |            |                      |
|                                         |            |                     |           |                    | 10)     |                |            |                      |
+-----------------------------------------+------------+---------------------+-----------+--------------------+---------+----------------+------------+----------------------+
| microblaze_bd_dac3_program_bram_ctrl_0  | Up-to-date | No changes required |  *(23)    | AXI BRAM           | 4.1     | 4.1 (Rev. 10)  | Included   | xczu9eg-ffvb1156-2-e |
|                                         |            |                     |           | Controller         | (Rev.   |                |            |                      |
|                                         |            |                     |           |                    | 10)     |                |            |                      |
+-----------------------------------------+------------+---------------------+-----------+--------------------+---------+----------------+------------+----------------------+
| microblaze_bd_dlmb_bram_if_cntlr_0      | Up-to-date | No changes required |  *(24)    | LMB BRAM           | 4.0     | 4.0 (Rev. 24)  | Included   | xczu9eg-ffvb1156-2-e |
|                                         |            |                     |           | Controller         | (Rev.   |                |            |                      |
|                                         |            |                     |           |                    | 24)     |                |            |                      |
+-----------------------------------------+------------+---------------------+-----------+--------------------+---------+----------------+------------+----------------------+
| microblaze_bd_dlmb_v10_0                | Up-to-date | No changes required |  *(25)    | Local Memory Bus   | 3.0     | 3.0 (Rev. 14)  | Included   | xczu9eg-ffvb1156-2-e |
|                                         |            |                     |           | (LMB) 1.0          | (Rev.   |                |            |                      |
|                                         |            |                     |           |                    | 14)     |                |            |                      |
+-----------------------------------------+------------+---------------------+-----------+--------------------+---------+----------------+------------+----------------------+
| microblaze_bd_ilmb_bram_if_cntlr_0      | Up-to-date | No changes required |  *(26)    | LMB BRAM           | 4.0     | 4.0 (Rev. 24)  | Included   | xczu9eg-ffvb1156-2-e |
|                                         |            |                     |           | Controller         | (Rev.   |                |            |                      |
|                                         |            |                     |           |                    | 24)     |                |            |                      |
+-----------------------------------------+------------+---------------------+-----------+--------------------+---------+----------------+------------+----------------------+
| microblaze_bd_ilmb_v10_0                | Up-to-date | No changes required |  *(27)    | Local Memory Bus   | 3.0     | 3.0 (Rev. 14)  | Included   | xczu9eg-ffvb1156-2-e |
|                                         |            |                     |           | (LMB) 1.0          | (Rev.   |                |            |                      |
|                                         |            |                     |           |                    | 14)     |                |            |                      |
+-----------------------------------------+------------+---------------------+-----------+--------------------+---------+----------------+------------+----------------------+
| microblaze_bd_lmb_bram_0                | Up-to-date | No changes required |  *(28)    | Block Memory       | 8.4     | 8.4 (Rev. 8)   | Included   | xczu9eg-ffvb1156-2-e |
|                                         |            |                     |           | Generator          | (Rev.   |                |            |                      |
|                                         |            |                     |           |                    | 8)      |                |            |                      |
+-----------------------------------------+------------+---------------------+-----------+--------------------+---------+----------------+------------+----------------------+
| microblaze_bd_mdm_1_0                   | Up-to-date | No changes required |  *(29)    | MicroBlaze Debug   | 3.2     | 3.2 (Rev. 26)  | Included   | xczu9eg-ffvb1156-2-e |
|                                         |            |                     |           | Module (MDM)       | (Rev.   |                |            |                      |
|                                         |            |                     |           |                    | 26)     |                |            |                      |
+-----------------------------------------+------------+---------------------+-----------+--------------------+---------+----------------+------------+----------------------+
| microblaze_bd_microblaze_0_0            | Up-to-date | No changes required |  *(30)    | MicroBlaze         | 11.0    | 11.0 (Rev. 13) | Included   | xczu9eg-ffvb1156-2-e |
|                                         |            |                     |           |                    | (Rev.   |                |            |                      |
|                                         |            |                     |           |                    | 13)     |                |            |                      |
+-----------------------------------------+------------+---------------------+-----------+--------------------+---------+----------------+------------+----------------------+
| microblaze_bd_microblaze_0_axi_periph_0 | Up-to-date | No changes required |  *(31)    | AXI Interconnect   | 2.1     | 2.1 (Rev. 32)  | Included   | xczu9eg-ffvb1156-2-e |
|                                         |            |                     |           |                    | (Rev.   |                |            |                      |
|                                         |            |                     |           |                    | 32)     |                |            |                      |
+-----------------------------------------+------------+---------------------+-----------+--------------------+---------+----------------+------------+----------------------+
| microblaze_bd_neuron_cfg_bram_ctrl_0    | Up-to-date | No changes required |  *(32)    | AXI BRAM           | 4.1     | 4.1 (Rev. 10)  | Included   | xczu9eg-ffvb1156-2-e |
|                                         |            |                     |           | Controller         | (Rev.   |                |            |                      |
|                                         |            |                     |           |                    | 10)     |                |            |                      |
+-----------------------------------------+------------+---------------------+-----------+--------------------+---------+----------------+------------+----------------------+
| microblaze_bd_rst_Clk_200M_0            | Up-to-date | No changes required |  *(33)    | Processor System   | 5.0     | 5.0 (Rev. 15)  | Included   | xczu9eg-ffvb1156-2-e |
|                                         |            |                     |           | Reset              | (Rev.   |                |            |                      |
|                                         |            |                     |           |                    | 15)     |                |            |                      |
+-----------------------------------------+------------+---------------------+-----------+--------------------+---------+----------------+------------+----------------------+
| microblaze_bd_rst_gt_rx_usrclk2_0       | Up-to-date | No changes required |  *(34)    | Processor System   | 5.0     | 5.0 (Rev. 15)  | Included   | xczu9eg-ffvb1156-2-e |
|                                         |            |                     |           | Reset              | (Rev.   |                |            |                      |
|                                         |            |                     |           |                    | 15)     |                |            |                      |
+-----------------------------------------+------------+---------------------+-----------+--------------------+---------+----------------+------------+----------------------+
| microblaze_bd_spike_shape_bram_ctrl_0   | Up-to-date | No changes required |  *(35)    | AXI BRAM           | 4.1     | 4.1 (Rev. 10)  | Included   | xczu9eg-ffvb1156-2-e |
|                                         |            |                     |           | Controller         | (Rev.   |                |            |                      |
|                                         |            |                     |           |                    | 10)     |                |            |                      |
+-----------------------------------------+------------+---------------------+-----------+--------------------+---------+----------------+------------+----------------------+
| microblaze_bd_zynq_ultra_ps_e_0_0       | Up-to-date | No changes required |  *(36)    | Zynq UltraScale+   | 3.5     | 3.5 (Rev. 3)   | Included   | xczu9eg-ffvb1156-2-e |
|                                         |            |                     |           | MPSoC              | (Rev.   |                |            |                      |
|                                         |            |                     |           |                    | 3)      |                |            |                      |
+-----------------------------------------+------------+---------------------+-----------+--------------------+---------+----------------+------------+----------------------+
| bd_14fd_arsw_0                          | Up-to-date | No changes required |  *(37)    | SmartConnect       | 1.0     | 1.0 (Rev. 8)   | Included   | xczu9eg-ffvb1156-2-e |
|                                         |            |                     |           | Switchboard        | (Rev.   |                |            |                      |
|                                         |            |                     |           |                    | 8)      |                |            |                      |
+-----------------------------------------+------------+---------------------+-----------+--------------------+---------+----------------+------------+----------------------+
| bd_14fd_awsw_0                          | Up-to-date | No changes required |  *(38)    | SmartConnect       | 1.0     | 1.0 (Rev. 8)   | Included   | xczu9eg-ffvb1156-2-e |
|                                         |            |                     |           | Switchboard        | (Rev.   |                |            |                      |
|                                         |            |                     |           |                    | 8)      |                |            |                      |
+-----------------------------------------+------------+---------------------+-----------+--------------------+---------+----------------+------------+----------------------+
| bd_14fd_bsw_0                           | Up-to-date | No changes required |  *(39)    | SmartConnect       | 1.0     | 1.0 (Rev. 8)   | Included   | xczu9eg-ffvb1156-2-e |
|                                         |            |                     |           | Switchboard        | (Rev.   |                |            |                      |
|                                         |            |                     |           |                    | 8)      |                |            |                      |
+-----------------------------------------+------------+---------------------+-----------+--------------------+---------+----------------+------------+----------------------+
| bd_14fd_m00arn_0                        | Up-to-date | No changes required |  *(40)    | SmartConnect Node  | 1.0     | 1.0 (Rev. 16)  | Included   | xczu9eg-ffvb1156-2-e |
|                                         |            |                     |           |                    | (Rev.   |                |            |                      |
|                                         |            |                     |           |                    | 16)     |                |            |                      |
+-----------------------------------------+------------+---------------------+-----------+--------------------+---------+----------------+------------+----------------------+
| bd_14fd_m00awn_0                        | Up-to-date | No changes required |  *(41)    | SmartConnect Node  | 1.0     | 1.0 (Rev. 16)  | Included   | xczu9eg-ffvb1156-2-e |
|                                         |            |                     |           |                    | (Rev.   |                |            |                      |
|                                         |            |                     |           |                    | 16)     |                |            |                      |
+-----------------------------------------+------------+---------------------+-----------+--------------------+---------+----------------+------------+----------------------+
| bd_14fd_m00bn_0                         | Up-to-date | No changes required |  *(42)    | SmartConnect Node  | 1.0     | 1.0 (Rev. 16)  | Included   | xczu9eg-ffvb1156-2-e |
|                                         |            |                     |           |                    | (Rev.   |                |            |                      |
|                                         |            |                     |           |                    | 16)     |                |            |                      |
+-----------------------------------------+------------+---------------------+-----------+--------------------+---------+----------------+------------+----------------------+
| bd_14fd_m00e_0                          | Up-to-date | No changes required |  *(43)    | SC EXIT            | 1.0     | 1.0 (Rev. 15)  | Included   | xczu9eg-ffvb1156-2-e |
|                                         |            |                     |           |                    | (Rev.   |                |            |                      |
|                                         |            |                     |           |                    | 15)     |                |            |                      |
+-----------------------------------------+------------+---------------------+-----------+--------------------+---------+----------------+------------+----------------------+
| bd_14fd_m00rn_0                         | Up-to-date | No changes required |  *(44)    | SmartConnect Node  | 1.0     | 1.0 (Rev. 16)  | Included   | xczu9eg-ffvb1156-2-e |
|                                         |            |                     |           |                    | (Rev.   |                |            |                      |
|                                         |            |                     |           |                    | 16)     |                |            |                      |
+-----------------------------------------+------------+---------------------+-----------+--------------------+---------+----------------+------------+----------------------+
| bd_14fd_m00s2a_0                        | Up-to-date | No changes required |  *(45)    | SmartConnect       | 1.0     | 1.0 (Rev. 10)  | Included   | xczu9eg-ffvb1156-2-e |
|                                         |            |                     |           | SC2AXI Bridge      | (Rev.   |                |            |                      |
|                                         |            |                     |           |                    | 10)     |                |            |                      |
+-----------------------------------------+------------+---------------------+-----------+--------------------+---------+----------------+------------+----------------------+
| bd_14fd_m00wn_0                         | Up-to-date | No changes required |  *(46)    | SmartConnect Node  | 1.0     | 1.0 (Rev. 16)  | Included   | xczu9eg-ffvb1156-2-e |
|                                         |            |                     |           |                    | (Rev.   |                |            |                      |
|                                         |            |                     |           |                    | 16)     |                |            |                      |
+-----------------------------------------+------------+---------------------+-----------+--------------------+---------+----------------+------------+----------------------+
| bd_14fd_one_0                           | Up-to-date | No changes required |  *(47)    | Constant           | 1.1     | 1.1 (Rev. 9)   | Included   | xczu9eg-ffvb1156-2-e |
|                                         |            |                     |           |                    | (Rev.   |                |            |                      |
|                                         |            |                     |           |                    | 9)      |                |            |                      |
+-----------------------------------------+------------+---------------------+-----------+--------------------+---------+----------------+------------+----------------------+
| bd_14fd_psr_aclk_0                      | Up-to-date | No changes required |  *(48)    | Processor System   | 5.0     | 5.0 (Rev. 15)  | Included   | xczu9eg-ffvb1156-2-e |
|                                         |            |                     |           | Reset              | (Rev.   |                |            |                      |
|                                         |            |                     |           |                    | 15)     |                |            |                      |
+-----------------------------------------+------------+---------------------+-----------+--------------------+---------+----------------+------------+----------------------+
| bd_14fd_rsw_0                           | Up-to-date | No changes required |  *(49)    | SmartConnect       | 1.0     | 1.0 (Rev. 8)   | Included   | xczu9eg-ffvb1156-2-e |
|                                         |            |                     |           | Switchboard        | (Rev.   |                |            |                      |
|                                         |            |                     |           |                    | 8)      |                |            |                      |
+-----------------------------------------+------------+---------------------+-----------+--------------------+---------+----------------+------------+----------------------+
| bd_14fd_s00a2s_0                        | Up-to-date | No changes required |  *(50)    | SmartConnect       | 1.0     | 1.0 (Rev. 10)  | Included   | xczu9eg-ffvb1156-2-e |
|                                         |            |                     |           | AXI2SC Bridge      | (Rev.   |                |            |                      |
|                                         |            |                     |           |                    | 10)     |                |            |                      |
+-----------------------------------------+------------+---------------------+-----------+--------------------+---------+----------------+------------+----------------------+
| bd_14fd_s00mmu_0                        | Up-to-date | No changes required |  *(51)    | SC MMU             | 1.0     | 1.0 (Rev. 13)  | Included   | xczu9eg-ffvb1156-2-e |
|                                         |            |                     |           |                    | (Rev.   |                |            |                      |
|                                         |            |                     |           |                    | 13)     |                |            |                      |
+-----------------------------------------+------------+---------------------+-----------+--------------------+---------+----------------+------------+----------------------+
| bd_14fd_s00sic_0                        | Up-to-date | No changes required |  *(52)    | SC SI_CONVERTER    | 1.0     | 1.0 (Rev. 13)  | Included   | xczu9eg-ffvb1156-2-e |
|                                         |            |                     |           |                    | (Rev.   |                |            |                      |
|                                         |            |                     |           |                    | 13)     |                |            |                      |
+-----------------------------------------+------------+---------------------+-----------+--------------------+---------+----------------+------------+----------------------+
| bd_14fd_s00tr_0                         | Up-to-date | No changes required |  *(53)    | SC                 | 1.0     | 1.0 (Rev. 11)  | Included   | xczu9eg-ffvb1156-2-e |
|                                         |            |                     |           | TRANSACTION_REGULA | (Rev.   |                |            |                      |
|                                         |            |                     |           |                    | 11)     |                |            |                      |
+-----------------------------------------+------------+---------------------+-----------+--------------------+---------+----------------+------------+----------------------+
| bd_14fd_s01a2s_0                        | Up-to-date | No changes required |  *(54)    | SmartConnect       | 1.0     | 1.0 (Rev. 10)  | Included   | xczu9eg-ffvb1156-2-e |
|                                         |            |                     |           | AXI2SC Bridge      | (Rev.   |                |            |                      |
|                                         |            |                     |           |                    | 10)     |                |            |                      |
+-----------------------------------------+------------+---------------------+-----------+--------------------+---------+----------------+------------+----------------------+
| bd_14fd_s01mmu_0                        | Up-to-date | No changes required |  *(55)    | SC MMU             | 1.0     | 1.0 (Rev. 13)  | Included   | xczu9eg-ffvb1156-2-e |
|                                         |            |                     |           |                    | (Rev.   |                |            |                      |
|                                         |            |                     |           |                    | 13)     |                |            |                      |
+-----------------------------------------+------------+---------------------+-----------+--------------------+---------+----------------+------------+----------------------+
| bd_14fd_s01sic_0                        | Up-to-date | No changes required |  *(56)    | SC SI_CONVERTER    | 1.0     | 1.0 (Rev. 13)  | Included   | xczu9eg-ffvb1156-2-e |
|                                         |            |                     |           |                    | (Rev.   |                |            |                      |
|                                         |            |                     |           |                    | 13)     |                |            |                      |
+-----------------------------------------+------------+---------------------+-----------+--------------------+---------+----------------+------------+----------------------+
| bd_14fd_s01tr_0                         | Up-to-date | No changes required |  *(57)    | SC                 | 1.0     | 1.0 (Rev. 11)  | Included   | xczu9eg-ffvb1156-2-e |
|                                         |            |                     |           | TRANSACTION_REGULA | (Rev.   |                |            |                      |
|                                         |            |                     |           |                    | 11)     |                |            |                      |
+-----------------------------------------+------------+---------------------+-----------+--------------------+---------+----------------+------------+----------------------+
| bd_14fd_sarn_0                          | Up-to-date | No changes required |  *(58)    | SmartConnect Node  | 1.0     | 1.0 (Rev. 16)  | Included   | xczu9eg-ffvb1156-2-e |
|                                         |            |                     |           |                    | (Rev.   |                |            |                      |
|                                         |            |                     |           |                    | 16)     |                |            |                      |
+-----------------------------------------+------------+---------------------+-----------+--------------------+---------+----------------+------------+----------------------+
| bd_14fd_sawn_0                          | Up-to-date | No changes required |  *(59)    | SmartConnect Node  | 1.0     | 1.0 (Rev. 16)  | Included   | xczu9eg-ffvb1156-2-e |
|                                         |            |                     |           |                    | (Rev.   |                |            |                      |
|                                         |            |                     |           |                    | 16)     |                |            |                      |
+-----------------------------------------+------------+---------------------+-----------+--------------------+---------+----------------+------------+----------------------+
| bd_14fd_sawn_1                          | Up-to-date | No changes required |  *(60)    | SmartConnect Node  | 1.0     | 1.0 (Rev. 16)  | Included   | xczu9eg-ffvb1156-2-e |
|                                         |            |                     |           |                    | (Rev.   |                |            |                      |
|                                         |            |                     |           |                    | 16)     |                |            |                      |
+-----------------------------------------+------------+---------------------+-----------+--------------------+---------+----------------+------------+----------------------+
| bd_14fd_sbn_0                           | Up-to-date | No changes required |  *(61)    | SmartConnect Node  | 1.0     | 1.0 (Rev. 16)  | Included   | xczu9eg-ffvb1156-2-e |
|                                         |            |                     |           |                    | (Rev.   |                |            |                      |
|                                         |            |                     |           |                    | 16)     |                |            |                      |
+-----------------------------------------+------------+---------------------+-----------+--------------------+---------+----------------+------------+----------------------+
| bd_14fd_sbn_1                           | Up-to-date | No changes required |  *(62)    | SmartConnect Node  | 1.0     | 1.0 (Rev. 16)  | Included   | xczu9eg-ffvb1156-2-e |
|                                         |            |                     |           |                    | (Rev.   |                |            |                      |
|                                         |            |                     |           |                    | 16)     |                |            |                      |
+-----------------------------------------+------------+---------------------+-----------+--------------------+---------+----------------+------------+----------------------+
| bd_14fd_srn_0                           | Up-to-date | No changes required |  *(63)    | SmartConnect Node  | 1.0     | 1.0 (Rev. 16)  | Included   | xczu9eg-ffvb1156-2-e |
|                                         |            |                     |           |                    | (Rev.   |                |            |                      |
|                                         |            |                     |           |                    | 16)     |                |            |                      |
+-----------------------------------------+------------+---------------------+-----------+--------------------+---------+----------------+------------+----------------------+
| bd_14fd_swn_0                           | Up-to-date | No changes required |  *(64)    | SmartConnect Node  | 1.0     | 1.0 (Rev. 16)  | Included   | xczu9eg-ffvb1156-2-e |
|                                         |            |                     |           |                    | (Rev.   |                |            |                      |
|                                         |            |                     |           |                    | 16)     |                |            |                      |
+-----------------------------------------+------------+---------------------+-----------+--------------------+---------+----------------+------------+----------------------+
| bd_14fd_swn_1                           | Up-to-date | No changes required |  *(65)    | SmartConnect Node  | 1.0     | 1.0 (Rev. 16)  | Included   | xczu9eg-ffvb1156-2-e |
|                                         |            |                     |           |                    | (Rev.   |                |            |                      |
|                                         |            |                     |           |                    | 16)     |                |            |                      |
+-----------------------------------------+------------+---------------------+-----------+--------------------+---------+----------------+------------+----------------------+
| bd_14fd_wsw_0                           | Up-to-date | No changes required |  *(66)    | SmartConnect       | 1.0     | 1.0 (Rev. 8)   | Included   | xczu9eg-ffvb1156-2-e |
|                                         |            |                     |           | Switchboard        | (Rev.   |                |            |                      |
|                                         |            |                     |           |                    | 8)      |                |            |                      |
+-----------------------------------------+------------+---------------------+-----------+--------------------+---------+----------------+------------+----------------------+
| bd_d4ac_arsw_0                          | Up-to-date | No changes required |  *(67)    | SmartConnect       | 1.0     | 1.0 (Rev. 8)   | Included   | xczu9eg-ffvb1156-2-e |
|                                         |            |                     |           | Switchboard        | (Rev.   |                |            |                      |
|                                         |            |                     |           |                    | 8)      |                |            |                      |
+-----------------------------------------+------------+---------------------+-----------+--------------------+---------+----------------+------------+----------------------+
| bd_d4ac_awsw_0                          | Up-to-date | No changes required |  *(68)    | SmartConnect       | 1.0     | 1.0 (Rev. 8)   | Included   | xczu9eg-ffvb1156-2-e |
|                                         |            |                     |           | Switchboard        | (Rev.   |                |            |                      |
|                                         |            |                     |           |                    | 8)      |                |            |                      |
+-----------------------------------------+------------+---------------------+-----------+--------------------+---------+----------------+------------+----------------------+
| bd_d4ac_bsw_0                           | Up-to-date | No changes required |  *(69)    | SmartConnect       | 1.0     | 1.0 (Rev. 8)   | Included   | xczu9eg-ffvb1156-2-e |
|                                         |            |                     |           | Switchboard        | (Rev.   |                |            |                      |
|                                         |            |                     |           |                    | 8)      |                |            |                      |
+-----------------------------------------+------------+---------------------+-----------+--------------------+---------+----------------+------------+----------------------+
| bd_d4ac_m00arn_0                        | Up-to-date | No changes required |  *(70)    | SmartConnect Node  | 1.0     | 1.0 (Rev. 16)  | Included   | xczu9eg-ffvb1156-2-e |
|                                         |            |                     |           |                    | (Rev.   |                |            |                      |
|                                         |            |                     |           |                    | 16)     |                |            |                      |
+-----------------------------------------+------------+---------------------+-----------+--------------------+---------+----------------+------------+----------------------+
| bd_d4ac_m00awn_0                        | Up-to-date | No changes required |  *(71)    | SmartConnect Node  | 1.0     | 1.0 (Rev. 16)  | Included   | xczu9eg-ffvb1156-2-e |
|                                         |            |                     |           |                    | (Rev.   |                |            |                      |
|                                         |            |                     |           |                    | 16)     |                |            |                      |
+-----------------------------------------+------------+---------------------+-----------+--------------------+---------+----------------+------------+----------------------+
| bd_d4ac_m00bn_0                         | Up-to-date | No changes required |  *(72)    | SmartConnect Node  | 1.0     | 1.0 (Rev. 16)  | Included   | xczu9eg-ffvb1156-2-e |
|                                         |            |                     |           |                    | (Rev.   |                |            |                      |
|                                         |            |                     |           |                    | 16)     |                |            |                      |
+-----------------------------------------+------------+---------------------+-----------+--------------------+---------+----------------+------------+----------------------+
| bd_d4ac_m00e_0                          | Up-to-date | No changes required |  *(73)    | SC EXIT            | 1.0     | 1.0 (Rev. 15)  | Included   | xczu9eg-ffvb1156-2-e |
|                                         |            |                     |           |                    | (Rev.   |                |            |                      |
|                                         |            |                     |           |                    | 15)     |                |            |                      |
+-----------------------------------------+------------+---------------------+-----------+--------------------+---------+----------------+------------+----------------------+
| bd_d4ac_m00rn_0                         | Up-to-date | No changes required |  *(74)    | SmartConnect Node  | 1.0     | 1.0 (Rev. 16)  | Included   | xczu9eg-ffvb1156-2-e |
|                                         |            |                     |           |                    | (Rev.   |                |            |                      |
|                                         |            |                     |           |                    | 16)     |                |            |                      |
+-----------------------------------------+------------+---------------------+-----------+--------------------+---------+----------------+------------+----------------------+
| bd_d4ac_m00s2a_0                        | Up-to-date | No changes required |  *(75)    | SmartConnect       | 1.0     | 1.0 (Rev. 10)  | Included   | xczu9eg-ffvb1156-2-e |
|                                         |            |                     |           | SC2AXI Bridge      | (Rev.   |                |            |                      |
|                                         |            |                     |           |                    | 10)     |                |            |                      |
+-----------------------------------------+------------+---------------------+-----------+--------------------+---------+----------------+------------+----------------------+
| bd_d4ac_m00wn_0                         | Up-to-date | No changes required |  *(76)    | SmartConnect Node  | 1.0     | 1.0 (Rev. 16)  | Included   | xczu9eg-ffvb1156-2-e |
|                                         |            |                     |           |                    | (Rev.   |                |            |                      |
|                                         |            |                     |           |                    | 16)     |                |            |                      |
+-----------------------------------------+------------+---------------------+-----------+--------------------+---------+----------------+------------+----------------------+
| bd_d4ac_one_0                           | Up-to-date | No changes required |  *(77)    | Constant           | 1.1     | 1.1 (Rev. 9)   | Included   | xczu9eg-ffvb1156-2-e |
|                                         |            |                     |           |                    | (Rev.   |                |            |                      |
|                                         |            |                     |           |                    | 9)      |                |            |                      |
+-----------------------------------------+------------+---------------------+-----------+--------------------+---------+----------------+------------+----------------------+
| bd_d4ac_psr_aclk_0                      | Up-to-date | No changes required |  *(78)    | Processor System   | 5.0     | 5.0 (Rev. 15)  | Included   | xczu9eg-ffvb1156-2-e |
|                                         |            |                     |           | Reset              | (Rev.   |                |            |                      |
|                                         |            |                     |           |                    | 15)     |                |            |                      |
+-----------------------------------------+------------+---------------------+-----------+--------------------+---------+----------------+------------+----------------------+
| bd_d4ac_rsw_0                           | Up-to-date | No changes required |  *(79)    | SmartConnect       | 1.0     | 1.0 (Rev. 8)   | Included   | xczu9eg-ffvb1156-2-e |
|                                         |            |                     |           | Switchboard        | (Rev.   |                |            |                      |
|                                         |            |                     |           |                    | 8)      |                |            |                      |
+-----------------------------------------+------------+---------------------+-----------+--------------------+---------+----------------+------------+----------------------+
| bd_d4ac_s00a2s_0                        | Up-to-date | No changes required |  *(80)    | SmartConnect       | 1.0     | 1.0 (Rev. 10)  | Included   | xczu9eg-ffvb1156-2-e |
|                                         |            |                     |           | AXI2SC Bridge      | (Rev.   |                |            |                      |
|                                         |            |                     |           |                    | 10)     |                |            |                      |
+-----------------------------------------+------------+---------------------+-----------+--------------------+---------+----------------+------------+----------------------+
| bd_d4ac_s00mmu_0                        | Up-to-date | No changes required |  *(81)    | SC MMU             | 1.0     | 1.0 (Rev. 13)  | Included   | xczu9eg-ffvb1156-2-e |
|                                         |            |                     |           |                    | (Rev.   |                |            |                      |
|                                         |            |                     |           |                    | 13)     |                |            |                      |
+-----------------------------------------+------------+---------------------+-----------+--------------------+---------+----------------+------------+----------------------+
| bd_d4ac_s00sic_0                        | Up-to-date | No changes required |  *(82)    | SC SI_CONVERTER    | 1.0     | 1.0 (Rev. 13)  | Included   | xczu9eg-ffvb1156-2-e |
|                                         |            |                     |           |                    | (Rev.   |                |            |                      |
|                                         |            |                     |           |                    | 13)     |                |            |                      |
+-----------------------------------------+------------+---------------------+-----------+--------------------+---------+----------------+------------+----------------------+
| bd_d4ac_s00tr_0                         | Up-to-date | No changes required |  *(83)    | SC                 | 1.0     | 1.0 (Rev. 11)  | Included   | xczu9eg-ffvb1156-2-e |
|                                         |            |                     |           | TRANSACTION_REGULA | (Rev.   |                |            |                      |
|                                         |            |                     |           |                    | 11)     |                |            |                      |
+-----------------------------------------+------------+---------------------+-----------+--------------------+---------+----------------+------------+----------------------+
| bd_d4ac_s01a2s_0                        | Up-to-date | No changes required |  *(84)    | SmartConnect       | 1.0     | 1.0 (Rev. 10)  | Included   | xczu9eg-ffvb1156-2-e |
|                                         |            |                     |           | AXI2SC Bridge      | (Rev.   |                |            |                      |
|                                         |            |                     |           |                    | 10)     |                |            |                      |
+-----------------------------------------+------------+---------------------+-----------+--------------------+---------+----------------+------------+----------------------+
| bd_d4ac_s01mmu_0                        | Up-to-date | No changes required |  *(85)    | SC MMU             | 1.0     | 1.0 (Rev. 13)  | Included   | xczu9eg-ffvb1156-2-e |
|                                         |            |                     |           |                    | (Rev.   |                |            |                      |
|                                         |            |                     |           |                    | 13)     |                |            |                      |
+-----------------------------------------+------------+---------------------+-----------+--------------------+---------+----------------+------------+----------------------+
| bd_d4ac_s01sic_0                        | Up-to-date | No changes required |  *(86)    | SC SI_CONVERTER    | 1.0     | 1.0 (Rev. 13)  | Included   | xczu9eg-ffvb1156-2-e |
|                                         |            |                     |           |                    | (Rev.   |                |            |                      |
|                                         |            |                     |           |                    | 13)     |                |            |                      |
+-----------------------------------------+------------+---------------------+-----------+--------------------+---------+----------------+------------+----------------------+
| bd_d4ac_s01tr_0                         | Up-to-date | No changes required |  *(87)    | SC                 | 1.0     | 1.0 (Rev. 11)  | Included   | xczu9eg-ffvb1156-2-e |
|                                         |            |                     |           | TRANSACTION_REGULA | (Rev.   |                |            |                      |
|                                         |            |                     |           |                    | 11)     |                |            |                      |
+-----------------------------------------+------------+---------------------+-----------+--------------------+---------+----------------+------------+----------------------+
| bd_d4ac_sarn_0                          | Up-to-date | No changes required |  *(88)    | SmartConnect Node  | 1.0     | 1.0 (Rev. 16)  | Included   | xczu9eg-ffvb1156-2-e |
|                                         |            |                     |           |                    | (Rev.   |                |            |                      |
|                                         |            |                     |           |                    | 16)     |                |            |                      |
+-----------------------------------------+------------+---------------------+-----------+--------------------+---------+----------------+------------+----------------------+
| bd_d4ac_sawn_0                          | Up-to-date | No changes required |  *(89)    | SmartConnect Node  | 1.0     | 1.0 (Rev. 16)  | Included   | xczu9eg-ffvb1156-2-e |
|                                         |            |                     |           |                    | (Rev.   |                |            |                      |
|                                         |            |                     |           |                    | 16)     |                |            |                      |
+-----------------------------------------+------------+---------------------+-----------+--------------------+---------+----------------+------------+----------------------+
| bd_d4ac_sawn_1                          | Up-to-date | No changes required |  *(90)    | SmartConnect Node  | 1.0     | 1.0 (Rev. 16)  | Included   | xczu9eg-ffvb1156-2-e |
|                                         |            |                     |           |                    | (Rev.   |                |            |                      |
|                                         |            |                     |           |                    | 16)     |                |            |                      |
+-----------------------------------------+------------+---------------------+-----------+--------------------+---------+----------------+------------+----------------------+
| bd_d4ac_sbn_0                           | Up-to-date | No changes required |  *(91)    | SmartConnect Node  | 1.0     | 1.0 (Rev. 16)  | Included   | xczu9eg-ffvb1156-2-e |
|                                         |            |                     |           |                    | (Rev.   |                |            |                      |
|                                         |            |                     |           |                    | 16)     |                |            |                      |
+-----------------------------------------+------------+---------------------+-----------+--------------------+---------+----------------+------------+----------------------+
| bd_d4ac_sbn_1                           | Up-to-date | No changes required |  *(92)    | SmartConnect Node  | 1.0     | 1.0 (Rev. 16)  | Included   | xczu9eg-ffvb1156-2-e |
|                                         |            |                     |           |                    | (Rev.   |                |            |                      |
|                                         |            |                     |           |                    | 16)     |                |            |                      |
+-----------------------------------------+------------+---------------------+-----------+--------------------+---------+----------------+------------+----------------------+
| bd_d4ac_srn_0                           | Up-to-date | No changes required |  *(93)    | SmartConnect Node  | 1.0     | 1.0 (Rev. 16)  | Included   | xczu9eg-ffvb1156-2-e |
|                                         |            |                     |           |                    | (Rev.   |                |            |                      |
|                                         |            |                     |           |                    | 16)     |                |            |                      |
+-----------------------------------------+------------+---------------------+-----------+--------------------+---------+----------------+------------+----------------------+
| bd_d4ac_swn_0                           | Up-to-date | No changes required |  *(94)    | SmartConnect Node  | 1.0     | 1.0 (Rev. 16)  | Included   | xczu9eg-ffvb1156-2-e |
|                                         |            |                     |           |                    | (Rev.   |                |            |                      |
|                                         |            |                     |           |                    | 16)     |                |            |                      |
+-----------------------------------------+------------+---------------------+-----------+--------------------+---------+----------------+------------+----------------------+
| bd_d4ac_swn_1                           | Up-to-date | No changes required |  *(95)    | SmartConnect Node  | 1.0     | 1.0 (Rev. 16)  | Included   | xczu9eg-ffvb1156-2-e |
|                                         |            |                     |           |                    | (Rev.   |                |            |                      |
|                                         |            |                     |           |                    | 16)     |                |            |                      |
+-----------------------------------------+------------+---------------------+-----------+--------------------+---------+----------------+------------+----------------------+
| bd_d4ac_wsw_0                           | Up-to-date | No changes required |  *(96)    | SmartConnect       | 1.0     | 1.0 (Rev. 8)   | Included   | xczu9eg-ffvb1156-2-e |
|                                         |            |                     |           | Switchboard        | (Rev.   |                |            |                      |
|                                         |            |                     |           |                    | 8)      |                |            |                      |
+-----------------------------------------+------------+---------------------+-----------+--------------------+---------+----------------+------------+----------------------+
*(1) /home/jkincaid/Xilinx/Vivado/2024.1/data/ip/xilinx/blk_mem_gen_v8_4/doc/blk_mem_gen_v8_4_changelog.txt
*(2) /home/jkincaid/Xilinx/Vivado/2024.1/data/ip/xilinx/blk_mem_gen_v8_4/doc/blk_mem_gen_v8_4_changelog.txt
*(3) /home/jkincaid/Xilinx/Vivado/2024.1/data/ip/xilinx/clk_wiz_v6_0/doc/clk_wiz_v6_0_changelog.txt
*(4) /home/jkincaid/Xilinx/Vivado/2024.1/data/ip/xilinx/blk_mem_gen_v8_4/doc/blk_mem_gen_v8_4_changelog.txt
*(5) /home/jkincaid/Xilinx/Vivado/2024.1/data/ip/xilinx/blk_mem_gen_v8_4/doc/blk_mem_gen_v8_4_changelog.txt
*(6) /home/jkincaid/Xilinx/Vivado/2024.1/data/ip/xilinx/blk_mem_gen_v8_4/doc/blk_mem_gen_v8_4_changelog.txt
*(7) /home/jkincaid/Xilinx/Vivado/2024.1/data/ip/xilinx/blk_mem_gen_v8_4/doc/blk_mem_gen_v8_4_changelog.txt
*(8) /home/jkincaid/Xilinx/Vivado/2024.1/data/ip/xilinx/gtwizard_ultrascale_v1_7/doc/gtwizard_ultrascale_v1_7_changelog.txt
*(9) /home/jkincaid/Xilinx/Vivado/2024.1/data/ip/xilinx/ila_v6_2/doc/ila_v6_2_changelog.txt
*(10) /home/jkincaid/Xilinx/Vivado/2024.1/data/ip/xilinx/axi_bram_ctrl_v4_1/doc/axi_bram_ctrl_v4_1_changelog.txt
*(11) /home/jkincaid/Xilinx/Vivado/2024.1/data/ip/xilinx/axi_bram_ctrl_v4_1/doc/axi_bram_ctrl_v4_1_changelog.txt
*(12) /home/jkincaid/Xilinx/Vivado/2024.1/data/ip/xilinx/axi_clock_converter_v2_1/doc/axi_clock_converter_v2_1_changelog.txt
*(13) /home/jkincaid/Xilinx/Vivado/2024.1/data/ip/xilinx/axi_clock_converter_v2_1/doc/axi_clock_converter_v2_1_changelog.txt
*(14) /home/jkincaid/Xilinx/Vivado/2024.1/data/ip/xilinx/axi_dma_v7_1/doc/axi_dma_v7_1_changelog.txt
*(15) /home/jkincaid/Xilinx/Vivado/2024.1/data/ip/xilinx/axi_dma_v7_1/doc/axi_dma_v7_1_changelog.txt
*(16) /home/jkincaid/Xilinx/Vivado/2024.1/data/ip/xilinx/smartconnect_v1_0/doc/smartconnect_v1_0_changelog.txt
*(17) /home/jkincaid/Xilinx/Vivado/2024.1/data/ip/xilinx/smartconnect_v1_0/doc/smartconnect_v1_0_changelog.txt
*(18) /home/jkincaid/Xilinx/Vivado/2024.1/data/ip/xilinx/axi_uart16550_v2_0/doc/axi_uart16550_v2_0_changelog.txt
*(19) /home/jkincaid/Xilinx/Vivado/2024.1/data/ip/xilinx/axi_bram_ctrl_v4_1/doc/axi_bram_ctrl_v4_1_changelog.txt
*(20) /home/jkincaid/Xilinx/Vivado/2024.1/data/ip/xilinx/axi_bram_ctrl_v4_1/doc/axi_bram_ctrl_v4_1_changelog.txt
*(21) /home/jkincaid/Xilinx/Vivado/2024.1/data/ip/xilinx/axi_bram_ctrl_v4_1/doc/axi_bram_ctrl_v4_1_changelog.txt
*(22) /home/jkincaid/Xilinx/Vivado/2024.1/data/ip/xilinx/axi_bram_ctrl_v4_1/doc/axi_bram_ctrl_v4_1_changelog.txt
*(23) /home/jkincaid/Xilinx/Vivado/2024.1/data/ip/xilinx/axi_bram_ctrl_v4_1/doc/axi_bram_ctrl_v4_1_changelog.txt
*(24) /home/jkincaid/Xilinx/Vivado/2024.1/data/ip/xilinx/lmb_bram_if_cntlr_v4_0/doc/lmb_bram_if_cntlr_v4_0_changelog.txt
*(25) /home/jkincaid/Xilinx/Vivado/2024.1/data/ip/xilinx/lmb_v10_v3_0/doc/lmb_v10_v3_0_changelog.txt
*(26) /home/jkincaid/Xilinx/Vivado/2024.1/data/ip/xilinx/lmb_bram_if_cntlr_v4_0/doc/lmb_bram_if_cntlr_v4_0_changelog.txt
*(27) /home/jkincaid/Xilinx/Vivado/2024.1/data/ip/xilinx/lmb_v10_v3_0/doc/lmb_v10_v3_0_changelog.txt
*(28) /home/jkincaid/Xilinx/Vivado/2024.1/data/ip/xilinx/blk_mem_gen_v8_4/doc/blk_mem_gen_v8_4_changelog.txt
*(29) /home/jkincaid/Xilinx/Vivado/2024.1/data/ip/xilinx/mdm_v3_2/doc/mdm_v3_2_changelog.txt
*(30) /home/jkincaid/Xilinx/Vivado/2024.1/data/ip/xilinx/microblaze_v11_0/doc/microblaze_v11_0_changelog.txt
*(31) /home/jkincaid/Xilinx/Vivado/2024.1/data/ip/xilinx/axi_interconnect_v2_1/doc/axi_interconnect_v2_1_changelog.txt
*(32) /home/jkincaid/Xilinx/Vivado/2024.1/data/ip/xilinx/axi_bram_ctrl_v4_1/doc/axi_bram_ctrl_v4_1_changelog.txt
*(33) /home/jkincaid/Xilinx/Vivado/2024.1/data/ip/xilinx/proc_sys_reset_v5_0/doc/proc_sys_reset_v5_0_changelog.txt
*(34) /home/jkincaid/Xilinx/Vivado/2024.1/data/ip/xilinx/proc_sys_reset_v5_0/doc/proc_sys_reset_v5_0_changelog.txt
*(35) /home/jkincaid/Xilinx/Vivado/2024.1/data/ip/xilinx/axi_bram_ctrl_v4_1/doc/axi_bram_ctrl_v4_1_changelog.txt
*(36) /home/jkincaid/Xilinx/Vivado/2024.1/data/ip/xilinx/zynq_ultra_ps_e_v3_5/doc/zynq_ultra_ps_e_v3_5_changelog.txt
*(37) /home/jkincaid/Xilinx/Vivado/2024.1/data/ip/xilinx/sc_switchboard_v1_0/doc/sc_switchboard_v1_0_changelog.txt
*(38) /home/jkincaid/Xilinx/Vivado/2024.1/data/ip/xilinx/sc_switchboard_v1_0/doc/sc_switchboard_v1_0_changelog.txt
*(39) /home/jkincaid/Xilinx/Vivado/2024.1/data/ip/xilinx/sc_switchboard_v1_0/doc/sc_switchboard_v1_0_changelog.txt
*(40) /home/jkincaid/Xilinx/Vivado/2024.1/data/ip/xilinx/sc_node_v1_0/doc/sc_node_v1_0_changelog.txt
*(41) /home/jkincaid/Xilinx/Vivado/2024.1/data/ip/xilinx/sc_node_v1_0/doc/sc_node_v1_0_changelog.txt
*(42) /home/jkincaid/Xilinx/Vivado/2024.1/data/ip/xilinx/sc_node_v1_0/doc/sc_node_v1_0_changelog.txt
*(43) /home/jkincaid/Xilinx/Vivado/2024.1/data/ip/xilinx/sc_exit_v1_0/doc/sc_exit_v1_0_changelog.txt
*(44) /home/jkincaid/Xilinx/Vivado/2024.1/data/ip/xilinx/sc_node_v1_0/doc/sc_node_v1_0_changelog.txt
*(45) /home/jkincaid/Xilinx/Vivado/2024.1/data/ip/xilinx/sc_sc2axi_v1_0/doc/sc_sc2axi_v1_0_changelog.txt
*(46) /home/jkincaid/Xilinx/Vivado/2024.1/data/ip/xilinx/sc_node_v1_0/doc/sc_node_v1_0_changelog.txt
*(47) /home/jkincaid/Xilinx/Vivado/2024.1/data/ip/xilinx/xlconstant_v1_1/doc/xlconstant_v1_1_changelog.txt
*(48) /home/jkincaid/Xilinx/Vivado/2024.1/data/ip/xilinx/proc_sys_reset_v5_0/doc/proc_sys_reset_v5_0_changelog.txt
*(49) /home/jkincaid/Xilinx/Vivado/2024.1/data/ip/xilinx/sc_switchboard_v1_0/doc/sc_switchboard_v1_0_changelog.txt
*(50) /home/jkincaid/Xilinx/Vivado/2024.1/data/ip/xilinx/sc_axi2sc_v1_0/doc/sc_axi2sc_v1_0_changelog.txt
*(51) /home/jkincaid/Xilinx/Vivado/2024.1/data/ip/xilinx/sc_mmu_v1_0/doc/sc_mmu_v1_0_changelog.txt
*(52) /home/jkincaid/Xilinx/Vivado/2024.1/data/ip/xilinx/sc_si_converter_v1_0/doc/sc_si_converter_v1_0_changelog.txt
*(53) /home/jkincaid/Xilinx/Vivado/2024.1/data/ip/xilinx/sc_transaction_regulator_v1_0/doc/sc_transaction_regulator_v1_0_changelog.txt
*(54) /home/jkincaid/Xilinx/Vivado/2024.1/data/ip/xilinx/sc_axi2sc_v1_0/doc/sc_axi2sc_v1_0_changelog.txt
*(55) /home/jkincaid/Xilinx/Vivado/2024.1/data/ip/xilinx/sc_mmu_v1_0/doc/sc_mmu_v1_0_changelog.txt
*(56) /home/jkincaid/Xilinx/Vivado/2024.1/data/ip/xilinx/sc_si_converter_v1_0/doc/sc_si_converter_v1_0_changelog.txt
*(57) /home/jkincaid/Xilinx/Vivado/2024.1/data/ip/xilinx/sc_transaction_regulator_v1_0/doc/sc_transaction_regulator_v1_0_changelog.txt
*(58) /home/jkincaid/Xilinx/Vivado/2024.1/data/ip/xilinx/sc_node_v1_0/doc/sc_node_v1_0_changelog.txt
*(59) /home/jkincaid/Xilinx/Vivado/2024.1/data/ip/xilinx/sc_node_v1_0/doc/sc_node_v1_0_changelog.txt
*(60) /home/jkincaid/Xilinx/Vivado/2024.1/data/ip/xilinx/sc_node_v1_0/doc/sc_node_v1_0_changelog.txt
*(61) /home/jkincaid/Xilinx/Vivado/2024.1/data/ip/xilinx/sc_node_v1_0/doc/sc_node_v1_0_changelog.txt
*(62) /home/jkincaid/Xilinx/Vivado/2024.1/data/ip/xilinx/sc_node_v1_0/doc/sc_node_v1_0_changelog.txt
*(63) /home/jkincaid/Xilinx/Vivado/2024.1/data/ip/xilinx/sc_node_v1_0/doc/sc_node_v1_0_changelog.txt
*(64) /home/jkincaid/Xilinx/Vivado/2024.1/data/ip/xilinx/sc_node_v1_0/doc/sc_node_v1_0_changelog.txt
*(65) /home/jkincaid/Xilinx/Vivado/2024.1/data/ip/xilinx/sc_node_v1_0/doc/sc_node_v1_0_changelog.txt
*(66) /home/jkincaid/Xilinx/Vivado/2024.1/data/ip/xilinx/sc_switchboard_v1_0/doc/sc_switchboard_v1_0_changelog.txt
*(67) /home/jkincaid/Xilinx/Vivado/2024.1/data/ip/xilinx/sc_switchboard_v1_0/doc/sc_switchboard_v1_0_changelog.txt
*(68) /home/jkincaid/Xilinx/Vivado/2024.1/data/ip/xilinx/sc_switchboard_v1_0/doc/sc_switchboard_v1_0_changelog.txt
*(69) /home/jkincaid/Xilinx/Vivado/2024.1/data/ip/xilinx/sc_switchboard_v1_0/doc/sc_switchboard_v1_0_changelog.txt
*(70) /home/jkincaid/Xilinx/Vivado/2024.1/data/ip/xilinx/sc_node_v1_0/doc/sc_node_v1_0_changelog.txt
*(71) /home/jkincaid/Xilinx/Vivado/2024.1/data/ip/xilinx/sc_node_v1_0/doc/sc_node_v1_0_changelog.txt
*(72) /home/jkincaid/Xilinx/Vivado/2024.1/data/ip/xilinx/sc_node_v1_0/doc/sc_node_v1_0_changelog.txt
*(73) /home/jkincaid/Xilinx/Vivado/2024.1/data/ip/xilinx/sc_exit_v1_0/doc/sc_exit_v1_0_changelog.txt
*(74) /home/jkincaid/Xilinx/Vivado/2024.1/data/ip/xilinx/sc_node_v1_0/doc/sc_node_v1_0_changelog.txt
*(75) /home/jkincaid/Xilinx/Vivado/2024.1/data/ip/xilinx/sc_sc2axi_v1_0/doc/sc_sc2axi_v1_0_changelog.txt
*(76) /home/jkincaid/Xilinx/Vivado/2024.1/data/ip/xilinx/sc_node_v1_0/doc/sc_node_v1_0_changelog.txt
*(77) /home/jkincaid/Xilinx/Vivado/2024.1/data/ip/xilinx/xlconstant_v1_1/doc/xlconstant_v1_1_changelog.txt
*(78) /home/jkincaid/Xilinx/Vivado/2024.1/data/ip/xilinx/proc_sys_reset_v5_0/doc/proc_sys_reset_v5_0_changelog.txt
*(79) /home/jkincaid/Xilinx/Vivado/2024.1/data/ip/xilinx/sc_switchboard_v1_0/doc/sc_switchboard_v1_0_changelog.txt
*(80) /home/jkincaid/Xilinx/Vivado/2024.1/data/ip/xilinx/sc_axi2sc_v1_0/doc/sc_axi2sc_v1_0_changelog.txt
*(81) /home/jkincaid/Xilinx/Vivado/2024.1/data/ip/xilinx/sc_mmu_v1_0/doc/sc_mmu_v1_0_changelog.txt
*(82) /home/jkincaid/Xilinx/Vivado/2024.1/data/ip/xilinx/sc_si_converter_v1_0/doc/sc_si_converter_v1_0_changelog.txt
*(83) /home/jkincaid/Xilinx/Vivado/2024.1/data/ip/xilinx/sc_transaction_regulator_v1_0/doc/sc_transaction_regulator_v1_0_changelog.txt
*(84) /home/jkincaid/Xilinx/Vivado/2024.1/data/ip/xilinx/sc_axi2sc_v1_0/doc/sc_axi2sc_v1_0_changelog.txt
*(85) /home/jkincaid/Xilinx/Vivado/2024.1/data/ip/xilinx/sc_mmu_v1_0/doc/sc_mmu_v1_0_changelog.txt
*(86) /home/jkincaid/Xilinx/Vivado/2024.1/data/ip/xilinx/sc_si_converter_v1_0/doc/sc_si_converter_v1_0_changelog.txt
*(87) /home/jkincaid/Xilinx/Vivado/2024.1/data/ip/xilinx/sc_transaction_regulator_v1_0/doc/sc_transaction_regulator_v1_0_changelog.txt
*(88) /home/jkincaid/Xilinx/Vivado/2024.1/data/ip/xilinx/sc_node_v1_0/doc/sc_node_v1_0_changelog.txt
*(89) /home/jkincaid/Xilinx/Vivado/2024.1/data/ip/xilinx/sc_node_v1_0/doc/sc_node_v1_0_changelog.txt
*(90) /home/jkincaid/Xilinx/Vivado/2024.1/data/ip/xilinx/sc_node_v1_0/doc/sc_node_v1_0_changelog.txt
*(91) /home/jkincaid/Xilinx/Vivado/2024.1/data/ip/xilinx/sc_node_v1_0/doc/sc_node_v1_0_changelog.txt
*(92) /home/jkincaid/Xilinx/Vivado/2024.1/data/ip/xilinx/sc_node_v1_0/doc/sc_node_v1_0_changelog.txt
*(93) /home/jkincaid/Xilinx/Vivado/2024.1/data/ip/xilinx/sc_node_v1_0/doc/sc_node_v1_0_changelog.txt
*(94) /home/jkincaid/Xilinx/Vivado/2024.1/data/ip/xilinx/sc_node_v1_0/doc/sc_node_v1_0_changelog.txt
*(95) /home/jkincaid/Xilinx/Vivado/2024.1/data/ip/xilinx/sc_node_v1_0/doc/sc_node_v1_0_changelog.txt
*(96) /home/jkincaid/Xilinx/Vivado/2024.1/data/ip/xilinx/sc_switchboard_v1_0/doc/sc_switchboard_v1_0_changelog.txt


